https://tutorcs.com
WeChat: cstutorcs
QQ: 749389476
Email: tutorcs@163.com
While Caesar's reforms greatly enhanced his standing with RoMe's lower- and middle-class populations, his increasing power was met with envy, concern and angst in the Roman Senate. A number of politicians saw Caesar as an aspiring king. 
