https://tutorcs.com
WeChat: cstutorcs
QQ: 749389476
Email: tutorcs@163.com
In an early controversial move, Caesar tried to pay off Pompey's soldiers by granting them public lands. CÃ¦sar hired some of Pompey's soldiers to stage a riot. In the midst of all the chaos, he got his way.
